[     296ms] [LOG] [HMR] Waiting for update signal from WDS... @ webpack-internal:///./node_modules/webpack/hot/log.js:23
[     564ms] [INFO] Download the Vue Devtools extension for a better development experience:
https://github.com/vuejs/vue-devtools @ webpack-internal:///./node_modules/vue/dist/vue.runtime.esm.js:8417
[     787ms] [WARNING] [vue-router] Duplicate named routes definition: { name: "DetailInfo", path: "/shark/localDevices/infoList" } @ webpack-internal:///./node_modules/vue-router/dist/vue-router.esm.js:16
[     787ms] [WARNING] [vue-router] Duplicate named routes definition: { name: "DetailInfo", path: "/shark/devices-list/infoList" } @ webpack-internal:///./node_modules/vue-router/dist/vue-router.esm.js:16
[     787ms] [WARNING] [vue-router] Duplicate named routes definition: { name: "DetailInfo", path: "/shark/devices-list/pythonScript" } @ webpack-internal:///./node_modules/vue-router/dist/vue-router.esm.js:16
[     787ms] [WARNING] [vue-router] Duplicate named routes definition: { name: "DetailInfo", path: "/shark/devices-list/pythonScriptModify" } @ webpack-internal:///./node_modules/vue-router/dist/vue-router.esm.js:16
[     787ms] [WARNING] [vue-router] Duplicate named routes definition: { name: "DetailInfo", path: "/shark/devices-detail/info/:imei(\d+)" } @ webpack-internal:///./node_modules/vue-router/dist/vue-router.esm.js:16
[     788ms] [WARNING] [vue-router] Duplicate named routes definition: { name: "hideApp", path: "/shark/noInstallApp/index/:id(\d+)" } @ webpack-internal:///./node_modules/vue-router/dist/vue-router.esm.js:16
[     791ms] [WARNING] [vue-router] Duplicate named routes definition: { name: "Script", path: "/script" } @ webpack-internal:///./node_modules/vue-router/dist/vue-router.esm.js:16
[     791ms] [WARNING] [vue-router] Duplicate named routes definition: { name: "App", path: "/app" } @ webpack-internal:///./node_modules/vue-router/dist/vue-router.esm.js:16
[     791ms] [WARNING] [vue-router] Duplicate named routes definition: { name: "Demo", path: "/demo" } @ webpack-internal:///./node_modules/vue-router/dist/vue-router.esm.js:16
[     921ms] [INFO] Slow network is detected. See https://www.chromestatus.com/feature/5636954674692096 for more details. Fallback font will be used while loading: http://localhost/static/fonts/element-icons.535877f5.woff @ webpack-internal:///./node_modules/xterm/lib/xterm.js:0
[  199983ms] [LOG] [HMR] Waiting for update signal from WDS... @ webpack-internal:///./node_modules/webpack/hot/log.js:23
[  200300ms] [INFO] Download the Vue Devtools extension for a better development experience:
https://github.com/vuejs/vue-devtools @ webpack-internal:///./node_modules/vue/dist/vue.runtime.esm.js:8417
[  200451ms] [WARNING] [vue-router] Duplicate named routes definition: { name: "DetailInfo", path: "/shark/localDevices/infoList" } @ webpack-internal:///./node_modules/vue-router/dist/vue-router.esm.js:16
[  200451ms] [WARNING] [vue-router] Duplicate named routes definition: { name: "DetailInfo", path: "/shark/devices-list/infoList" } @ webpack-internal:///./node_modules/vue-router/dist/vue-router.esm.js:16
[  200451ms] [WARNING] [vue-router] Duplicate named routes definition: { name: "DetailInfo", path: "/shark/devices-list/pythonScript" } @ webpack-internal:///./node_modules/vue-router/dist/vue-router.esm.js:16
[  200451ms] [WARNING] [vue-router] Duplicate named routes definition: { name: "DetailInfo", path: "/shark/devices-list/pythonScriptModify" } @ webpack-internal:///./node_modules/vue-router/dist/vue-router.esm.js:16
[  200451ms] [WARNING] [vue-router] Duplicate named routes definition: { name: "DetailInfo", path: "/shark/devices-detail/info/:imei(\d+)" } @ webpack-internal:///./node_modules/vue-router/dist/vue-router.esm.js:16
[  200451ms] [WARNING] [vue-router] Duplicate named routes definition: { name: "hideApp", path: "/shark/noInstallApp/index/:id(\d+)" } @ webpack-internal:///./node_modules/vue-router/dist/vue-router.esm.js:16
[  200452ms] [WARNING] [vue-router] Duplicate named routes definition: { name: "Script", path: "/script" } @ webpack-internal:///./node_modules/vue-router/dist/vue-router.esm.js:16
[  200452ms] [WARNING] [vue-router] Duplicate named routes definition: { name: "App", path: "/app" } @ webpack-internal:///./node_modules/vue-router/dist/vue-router.esm.js:16
[  200453ms] [WARNING] [vue-router] Duplicate named routes definition: { name: "Demo", path: "/demo" } @ webpack-internal:///./node_modules/vue-router/dist/vue-router.esm.js:16
[  200530ms] [INFO] Slow network is detected. See https://www.chromestatus.com/feature/5636954674692096 for more details. Fallback font will be used while loading: http://localhost/static/fonts/element-icons.535877f5.woff @ webpack-internal:///./node_modules/xterm/lib/xterm.js:0
