[     268ms] [LOG] [HMR] Waiting for update signal from WDS... @ webpack-internal:///./node_modules/webpack/hot/log.js:23
[     674ms] [INFO] Download the Vue Devtools extension for a better development experience:
https://github.com/vuejs/vue-devtools @ webpack-internal:///./node_modules/vue/dist/vue.runtime.esm.js:8417
[   16439ms] [INFO] Slow network is detected. See https://www.chromestatus.com/feature/5636954674692096 for more details. Fallback font will be used while loading: http://localhost/static/fonts/element-icons.535877f5.woff @ http://localhost/login?redirect=%2Findex:0
[   17756ms] [WARNING] [vue-router] Duplicate named routes definition: { name: "DetailInfo", path: "/shark/localDevices/infoList" } @ webpack-internal:///./node_modules/vue-router/dist/vue-router.esm.js:16
[   17757ms] [WARNING] [vue-router] Duplicate named routes definition: { name: "DetailInfo", path: "/shark/devices-list/infoList" } @ webpack-internal:///./node_modules/vue-router/dist/vue-router.esm.js:16
[   17757ms] [WARNING] [vue-router] Duplicate named routes definition: { name: "DetailInfo", path: "/shark/devices-list/pythonScript" } @ webpack-internal:///./node_modules/vue-router/dist/vue-router.esm.js:16
[   17757ms] [WARNING] [vue-router] Duplicate named routes definition: { name: "DetailInfo", path: "/shark/devices-list/pythonScriptModify" } @ webpack-internal:///./node_modules/vue-router/dist/vue-router.esm.js:16
[   17757ms] [WARNING] [vue-router] Duplicate named routes definition: { name: "DetailInfo", path: "/shark/devices-detail/info/:imei(\d+)" } @ webpack-internal:///./node_modules/vue-router/dist/vue-router.esm.js:16
[   17757ms] [WARNING] [vue-router] Duplicate named routes definition: { name: "hideApp", path: "/shark/noInstallApp/index/:id(\d+)" } @ webpack-internal:///./node_modules/vue-router/dist/vue-router.esm.js:16
[   17760ms] [WARNING] [vue-router] Duplicate named routes definition: { name: "Script", path: "/script" } @ webpack-internal:///./node_modules/vue-router/dist/vue-router.esm.js:16
[   17761ms] [WARNING] [vue-router] Duplicate named routes definition: { name: "App", path: "/app" } @ webpack-internal:///./node_modules/vue-router/dist/vue-router.esm.js:16
[   17761ms] [WARNING] [vue-router] Duplicate named routes definition: { name: "Demo", path: "/demo" } @ webpack-internal:///./node_modules/vue-router/dist/vue-router.esm.js:16
[   27930ms] [ERROR] [Vue warn]: Duplicate keys detected: 'com.tencent.mm'. This may cause an update error.

found in

---> <AppStats> at src/views/shark/app-stats/index.vue
       <AppMain> at src/layout/components/AppMain.vue
         <Layout> at src/layout/index.vue
           <App> at src/App.vue
             <Root> @ webpack-internal:///./node_modules/vue/dist/vue.runtime.esm.js:619
[   27930ms] [ERROR] [Vue warn]: Duplicate keys detected: 'com.hm.wechat'. This may cause an update error.

found in

---> <AppStats> at src/views/shark/app-stats/index.vue
       <AppMain> at src/layout/components/AppMain.vue
         <Layout> at src/layout/index.vue
           <App> at src/App.vue
             <Root> @ webpack-internal:///./node_modules/vue/dist/vue.runtime.esm.js:619
[   27931ms] [ERROR] [Vue warn]: Duplicate keys detected: 'com.tencent.mm'. This may cause an update error.

found in

---> <AppStats> at src/views/shark/app-stats/index.vue
       <AppMain> at src/layout/components/AppMain.vue
         <Layout> at src/layout/index.vue
           <App> at src/App.vue
             <Root> @ webpack-internal:///./node_modules/vue/dist/vue.runtime.esm.js:619
[   27931ms] [ERROR] [Vue warn]: Duplicate keys detected: 'com.hm.wechat'. This may cause an update error.

found in

---> <AppStats> at src/views/shark/app-stats/index.vue
       <AppMain> at src/layout/components/AppMain.vue
         <Layout> at src/layout/index.vue
           <App> at src/App.vue
             <Root> @ webpack-internal:///./node_modules/vue/dist/vue.runtime.esm.js:619
[   28729ms] [ERROR] [Vue warn]: Duplicate keys detected: 'com.tencent.mm'. This may cause an update error.

found in

---> <AppStats> at src/views/shark/app-stats/index.vue
       <AppMain> at src/layout/components/AppMain.vue
         <Layout> at src/layout/index.vue
           <App> at src/App.vue
             <Root> @ webpack-internal:///./node_modules/vue/dist/vue.runtime.esm.js:619
[   28729ms] [ERROR] [Vue warn]: Duplicate keys detected: 'com.hm.wechat'. This may cause an update error.

found in

---> <AppStats> at src/views/shark/app-stats/index.vue
       <AppMain> at src/layout/components/AppMain.vue
         <Layout> at src/layout/index.vue
           <App> at src/App.vue
             <Root> @ webpack-internal:///./node_modules/vue/dist/vue.runtime.esm.js:619
[   28918ms] [ERROR] [Vue warn]: Duplicate keys detected: 'com.tencent.mm'. This may cause an update error.

found in

---> <AppStats> at src/views/shark/app-stats/index.vue
       <AppMain> at src/layout/components/AppMain.vue
         <Layout> at src/layout/index.vue
           <App> at src/App.vue
             <Root> @ webpack-internal:///./node_modules/vue/dist/vue.runtime.esm.js:619
[   28918ms] [ERROR] [Vue warn]: Duplicate keys detected: 'com.hm.wechat'. This may cause an update error.

found in

---> <AppStats> at src/views/shark/app-stats/index.vue
       <AppMain> at src/layout/components/AppMain.vue
         <Layout> at src/layout/index.vue
           <App> at src/App.vue
             <Root> @ webpack-internal:///./node_modules/vue/dist/vue.runtime.esm.js:619
[   29246ms] [ERROR] [Vue warn]: Duplicate keys detected: 'com.tencent.mm'. This may cause an update error.

found in

---> <AppStats> at src/views/shark/app-stats/index.vue
       <AppMain> at src/layout/components/AppMain.vue
         <Layout> at src/layout/index.vue
           <App> at src/App.vue
             <Root> @ webpack-internal:///./node_modules/vue/dist/vue.runtime.esm.js:619
[   29246ms] [ERROR] [Vue warn]: Duplicate keys detected: 'com.hm.wechat'. This may cause an update error.

found in

---> <AppStats> at src/views/shark/app-stats/index.vue
       <AppMain> at src/layout/components/AppMain.vue
         <Layout> at src/layout/index.vue
           <App> at src/App.vue
             <Root> @ webpack-internal:///./node_modules/vue/dist/vue.runtime.esm.js:619
[   31144ms] [ERROR] [Vue warn]: Duplicate keys detected: 'com.tencent.mm'. This may cause an update error.

found in

---> <AppStats> at src/views/shark/app-stats/index.vue
       <AppMain> at src/layout/components/AppMain.vue
         <Layout> at src/layout/index.vue
           <App> at src/App.vue
             <Root> @ webpack-internal:///./node_modules/vue/dist/vue.runtime.esm.js:619
[   31144ms] [ERROR] [Vue warn]: Duplicate keys detected: 'com.hm.wechat'. This may cause an update error.

found in

---> <AppStats> at src/views/shark/app-stats/index.vue
       <AppMain> at src/layout/components/AppMain.vue
         <Layout> at src/layout/index.vue
           <App> at src/App.vue
             <Root> @ webpack-internal:///./node_modules/vue/dist/vue.runtime.esm.js:619
[   91761ms] [ERROR] [Vue warn]: Duplicate keys detected: 'com.tencent.mm'. This may cause an update error.

found in

---> <AppStats> at src/views/shark/app-stats/index.vue
       <AppMain> at src/layout/components/AppMain.vue
         <Layout> at src/layout/index.vue
           <App> at src/App.vue
             <Root> @ webpack-internal:///./node_modules/vue/dist/vue.runtime.esm.js:619
[   91761ms] [ERROR] [Vue warn]: Duplicate keys detected: 'com.hm.wechat'. This may cause an update error.

found in

---> <AppStats> at src/views/shark/app-stats/index.vue
       <AppMain> at src/layout/components/AppMain.vue
         <Layout> at src/layout/index.vue
           <App> at src/App.vue
             <Root> @ webpack-internal:///./node_modules/vue/dist/vue.runtime.esm.js:619
