[     245ms] [LOG] [HMR] Waiting for update signal from WDS... @ webpack-internal:///./node_modules/webpack/hot/log.js:23
[     516ms] [INFO] Download the Vue Devtools extension for a better development experience:
https://github.com/vuejs/vue-devtools @ webpack-internal:///./node_modules/vue/dist/vue.runtime.esm.js:8417
[     757ms] [WARNING] [vue-router] Duplicate named routes definition: { name: "DetailInfo", path: "/shark/localDevices/infoList" } @ webpack-internal:///./node_modules/vue-router/dist/vue-router.esm.js:16
[     757ms] [WARNING] [vue-router] Duplicate named routes definition: { name: "DetailInfo", path: "/shark/devices-list/infoList" } @ webpack-internal:///./node_modules/vue-router/dist/vue-router.esm.js:16
[     757ms] [WARNING] [vue-router] Duplicate named routes definition: { name: "DetailInfo", path: "/shark/devices-list/pythonScript" } @ webpack-internal:///./node_modules/vue-router/dist/vue-router.esm.js:16
[     757ms] [WARNING] [vue-router] Duplicate named routes definition: { name: "DetailInfo", path: "/shark/devices-list/pythonScriptModify" } @ webpack-internal:///./node_modules/vue-router/dist/vue-router.esm.js:16
[     757ms] [WARNING] [vue-router] Duplicate named routes definition: { name: "DetailInfo", path: "/shark/devices-detail/info/:imei(\d+)" } @ webpack-internal:///./node_modules/vue-router/dist/vue-router.esm.js:16
[     757ms] [WARNING] [vue-router] Duplicate named routes definition: { name: "hideApp", path: "/shark/noInstallApp/index/:id(\d+)" } @ webpack-internal:///./node_modules/vue-router/dist/vue-router.esm.js:16
[     759ms] [WARNING] [vue-router] Duplicate named routes definition: { name: "Script", path: "/script" } @ webpack-internal:///./node_modules/vue-router/dist/vue-router.esm.js:16
[     759ms] [WARNING] [vue-router] Duplicate named routes definition: { name: "App", path: "/app" } @ webpack-internal:///./node_modules/vue-router/dist/vue-router.esm.js:16
[     760ms] [WARNING] [vue-router] Duplicate named routes definition: { name: "Demo", path: "/demo" } @ webpack-internal:///./node_modules/vue-router/dist/vue-router.esm.js:16
[    1111ms] [INFO] Slow network is detected. See https://www.chromestatus.com/feature/5636954674692096 for more details. Fallback font will be used while loading: http://localhost/static/fonts/element-icons.535877f5.woff @ webpack-internal:///./node_modules/element-ui/lib/element-ui.common.js:9163
[   59023ms] [ERROR] [Vue warn]: Duplicate keys detected: 'com.tencent.mm'. This may cause an update error.

found in

---> <AppStats> at src/views/shark/app-stats/index.vue
       <AppMain> at src/layout/components/AppMain.vue
         <Layout> at src/layout/index.vue
           <App> at src/App.vue
             <Root> @ webpack-internal:///./node_modules/vue/dist/vue.runtime.esm.js:619
[   59023ms] [ERROR] [Vue warn]: Duplicate keys detected: 'com.hm.wechat'. This may cause an update error.

found in

---> <AppStats> at src/views/shark/app-stats/index.vue
       <AppMain> at src/layout/components/AppMain.vue
         <Layout> at src/layout/index.vue
           <App> at src/App.vue
             <Root> @ webpack-internal:///./node_modules/vue/dist/vue.runtime.esm.js:619
[   59024ms] [ERROR] [Vue warn]: Duplicate keys detected: 'com.tencent.mm'. This may cause an update error.

found in

---> <AppStats> at src/views/shark/app-stats/index.vue
       <AppMain> at src/layout/components/AppMain.vue
         <Layout> at src/layout/index.vue
           <App> at src/App.vue
             <Root> @ webpack-internal:///./node_modules/vue/dist/vue.runtime.esm.js:619
[   59024ms] [ERROR] [Vue warn]: Duplicate keys detected: 'com.hm.wechat'. This may cause an update error.

found in

---> <AppStats> at src/views/shark/app-stats/index.vue
       <AppMain> at src/layout/components/AppMain.vue
         <Layout> at src/layout/index.vue
           <App> at src/App.vue
             <Root> @ webpack-internal:///./node_modules/vue/dist/vue.runtime.esm.js:619
[   60268ms] [ERROR] [Vue warn]: Duplicate keys detected: 'com.tencent.mm'. This may cause an update error.

found in

---> <AppStats> at src/views/shark/app-stats/index.vue
       <AppMain> at src/layout/components/AppMain.vue
         <Layout> at src/layout/index.vue
           <App> at src/App.vue
             <Root> @ webpack-internal:///./node_modules/vue/dist/vue.runtime.esm.js:619
[   60268ms] [ERROR] [Vue warn]: Duplicate keys detected: 'com.hm.wechat'. This may cause an update error.

found in

---> <AppStats> at src/views/shark/app-stats/index.vue
       <AppMain> at src/layout/components/AppMain.vue
         <Layout> at src/layout/index.vue
           <App> at src/App.vue
             <Root> @ webpack-internal:///./node_modules/vue/dist/vue.runtime.esm.js:619
[   60368ms] [ERROR] [Vue warn]: Duplicate keys detected: 'com.tencent.mm'. This may cause an update error.

found in

---> <AppStats> at src/views/shark/app-stats/index.vue
       <AppMain> at src/layout/components/AppMain.vue
         <Layout> at src/layout/index.vue
           <App> at src/App.vue
             <Root> @ webpack-internal:///./node_modules/vue/dist/vue.runtime.esm.js:619
[   60368ms] [ERROR] [Vue warn]: Duplicate keys detected: 'com.hm.wechat'. This may cause an update error.

found in

---> <AppStats> at src/views/shark/app-stats/index.vue
       <AppMain> at src/layout/components/AppMain.vue
         <Layout> at src/layout/index.vue
           <App> at src/App.vue
             <Root> @ webpack-internal:///./node_modules/vue/dist/vue.runtime.esm.js:619
[   60568ms] [ERROR] [Vue warn]: Duplicate keys detected: 'com.tencent.mm'. This may cause an update error.

found in

---> <AppStats> at src/views/shark/app-stats/index.vue
       <AppMain> at src/layout/components/AppMain.vue
         <Layout> at src/layout/index.vue
           <App> at src/App.vue
             <Root> @ webpack-internal:///./node_modules/vue/dist/vue.runtime.esm.js:619
[   60568ms] [ERROR] [Vue warn]: Duplicate keys detected: 'com.hm.wechat'. This may cause an update error.

found in

---> <AppStats> at src/views/shark/app-stats/index.vue
       <AppMain> at src/layout/components/AppMain.vue
         <Layout> at src/layout/index.vue
           <App> at src/App.vue
             <Root> @ webpack-internal:///./node_modules/vue/dist/vue.runtime.esm.js:619
[   60714ms] [ERROR] [Vue warn]: Duplicate keys detected: 'com.tencent.mm'. This may cause an update error.

found in

---> <AppStats> at src/views/shark/app-stats/index.vue
       <AppMain> at src/layout/components/AppMain.vue
         <Layout> at src/layout/index.vue
           <App> at src/App.vue
             <Root> @ webpack-internal:///./node_modules/vue/dist/vue.runtime.esm.js:619
[   60714ms] [ERROR] [Vue warn]: Duplicate keys detected: 'com.hm.wechat'. This may cause an update error.

found in

---> <AppStats> at src/views/shark/app-stats/index.vue
       <AppMain> at src/layout/components/AppMain.vue
         <Layout> at src/layout/index.vue
           <App> at src/App.vue
             <Root> @ webpack-internal:///./node_modules/vue/dist/vue.runtime.esm.js:619
[   61019ms] [ERROR] [Vue warn]: Duplicate keys detected: 'com.tencent.mm'. This may cause an update error.

found in

---> <AppStats> at src/views/shark/app-stats/index.vue
       <AppMain> at src/layout/components/AppMain.vue
         <Layout> at src/layout/index.vue
           <App> at src/App.vue
             <Root> @ webpack-internal:///./node_modules/vue/dist/vue.runtime.esm.js:619
[   61019ms] [ERROR] [Vue warn]: Duplicate keys detected: 'com.hm.wechat'. This may cause an update error.

found in

---> <AppStats> at src/views/shark/app-stats/index.vue
       <AppMain> at src/layout/components/AppMain.vue
         <Layout> at src/layout/index.vue
           <App> at src/App.vue
             <Root> @ webpack-internal:///./node_modules/vue/dist/vue.runtime.esm.js:619
[   61512ms] [ERROR] [Vue warn]: Duplicate keys detected: 'com.tencent.mm'. This may cause an update error.

found in

---> <AppStats> at src/views/shark/app-stats/index.vue
       <AppMain> at src/layout/components/AppMain.vue
         <Layout> at src/layout/index.vue
           <App> at src/App.vue
             <Root> @ webpack-internal:///./node_modules/vue/dist/vue.runtime.esm.js:619
[   61512ms] [ERROR] [Vue warn]: Duplicate keys detected: 'com.hm.wechat'. This may cause an update error.

found in

---> <AppStats> at src/views/shark/app-stats/index.vue
       <AppMain> at src/layout/components/AppMain.vue
         <Layout> at src/layout/index.vue
           <App> at src/App.vue
             <Root> @ webpack-internal:///./node_modules/vue/dist/vue.runtime.esm.js:619
[   62629ms] [ERROR] [Vue warn]: Duplicate keys detected: 'com.tencent.mm'. This may cause an update error.

found in

---> <AppStats> at src/views/shark/app-stats/index.vue
       <AppMain> at src/layout/components/AppMain.vue
         <Layout> at src/layout/index.vue
           <App> at src/App.vue
             <Root> @ webpack-internal:///./node_modules/vue/dist/vue.runtime.esm.js:619
[   62629ms] [ERROR] [Vue warn]: Duplicate keys detected: 'com.hm.wechat'. This may cause an update error.

found in

---> <AppStats> at src/views/shark/app-stats/index.vue
       <AppMain> at src/layout/components/AppMain.vue
         <Layout> at src/layout/index.vue
           <App> at src/App.vue
             <Root> @ webpack-internal:///./node_modules/vue/dist/vue.runtime.esm.js:619
[   64684ms] [ERROR] [Vue warn]: Duplicate keys detected: 'com.tencent.mm'. This may cause an update error.

found in

---> <AppStats> at src/views/shark/app-stats/index.vue
       <AppMain> at src/layout/components/AppMain.vue
         <Layout> at src/layout/index.vue
           <App> at src/App.vue
             <Root> @ webpack-internal:///./node_modules/vue/dist/vue.runtime.esm.js:619
[   64684ms] [ERROR] [Vue warn]: Duplicate keys detected: 'com.hm.wechat'. This may cause an update error.

found in

---> <AppStats> at src/views/shark/app-stats/index.vue
       <AppMain> at src/layout/components/AppMain.vue
         <Layout> at src/layout/index.vue
           <App> at src/App.vue
             <Root> @ webpack-internal:///./node_modules/vue/dist/vue.runtime.esm.js:619
[   72691ms] [ERROR] [Vue warn]: Duplicate keys detected: 'com.tencent.mm'. This may cause an update error.

found in

---> <AppStats> at src/views/shark/app-stats/index.vue
       <AppMain> at src/layout/components/AppMain.vue
         <Layout> at src/layout/index.vue
           <App> at src/App.vue
             <Root> @ webpack-internal:///./node_modules/vue/dist/vue.runtime.esm.js:619
[   72691ms] [ERROR] [Vue warn]: Duplicate keys detected: 'com.hm.wechat'. This may cause an update error.

found in

---> <AppStats> at src/views/shark/app-stats/index.vue
       <AppMain> at src/layout/components/AppMain.vue
         <Layout> at src/layout/index.vue
           <App> at src/App.vue
             <Root> @ webpack-internal:///./node_modules/vue/dist/vue.runtime.esm.js:619
[  181836ms] [ERROR] [Vue warn]: Duplicate keys detected: 'com.tencent.mm'. This may cause an update error.

found in

---> <AppStats> at src/views/shark/app-stats/index.vue
       <AppMain> at src/layout/components/AppMain.vue
         <Layout> at src/layout/index.vue
           <App> at src/App.vue
             <Root> @ webpack-internal:///./node_modules/vue/dist/vue.runtime.esm.js:619
[  181836ms] [ERROR] [Vue warn]: Duplicate keys detected: 'com.hm.wechat'. This may cause an update error.

found in

---> <AppStats> at src/views/shark/app-stats/index.vue
       <AppMain> at src/layout/components/AppMain.vue
         <Layout> at src/layout/index.vue
           <App> at src/App.vue
             <Root> @ webpack-internal:///./node_modules/vue/dist/vue.runtime.esm.js:619
[  181837ms] [ERROR] [Vue warn]: Duplicate keys detected: 'com.tencent.mm'. This may cause an update error.

found in

---> <AppStats> at src/views/shark/app-stats/index.vue
       <AppMain> at src/layout/components/AppMain.vue
         <Layout> at src/layout/index.vue
           <App> at src/App.vue
             <Root> @ webpack-internal:///./node_modules/vue/dist/vue.runtime.esm.js:619
[  181837ms] [ERROR] [Vue warn]: Duplicate keys detected: 'com.hm.wechat'. This may cause an update error.

found in

---> <AppStats> at src/views/shark/app-stats/index.vue
       <AppMain> at src/layout/components/AppMain.vue
         <Layout> at src/layout/index.vue
           <App> at src/App.vue
             <Root> @ webpack-internal:///./node_modules/vue/dist/vue.runtime.esm.js:619
[  183634ms] [ERROR] [Vue warn]: Duplicate keys detected: 'com.tencent.mm'. This may cause an update error.

found in

---> <AppStats> at src/views/shark/app-stats/index.vue
       <AppMain> at src/layout/components/AppMain.vue
         <Layout> at src/layout/index.vue
           <App> at src/App.vue
             <Root> @ webpack-internal:///./node_modules/vue/dist/vue.runtime.esm.js:619
[  183634ms] [ERROR] [Vue warn]: Duplicate keys detected: 'com.hm.wechat'. This may cause an update error.

found in

---> <AppStats> at src/views/shark/app-stats/index.vue
       <AppMain> at src/layout/components/AppMain.vue
         <Layout> at src/layout/index.vue
           <App> at src/App.vue
             <Root> @ webpack-internal:///./node_modules/vue/dist/vue.runtime.esm.js:619
[  184114ms] [ERROR] [Vue warn]: Duplicate keys detected: 'com.tencent.mm'. This may cause an update error.

found in

---> <AppStats> at src/views/shark/app-stats/index.vue
       <AppMain> at src/layout/components/AppMain.vue
         <Layout> at src/layout/index.vue
           <App> at src/App.vue
             <Root> @ webpack-internal:///./node_modules/vue/dist/vue.runtime.esm.js:619
[  184114ms] [ERROR] [Vue warn]: Duplicate keys detected: 'com.hm.wechat'. This may cause an update error.

found in

---> <AppStats> at src/views/shark/app-stats/index.vue
       <AppMain> at src/layout/components/AppMain.vue
         <Layout> at src/layout/index.vue
           <App> at src/App.vue
             <Root> @ webpack-internal:///./node_modules/vue/dist/vue.runtime.esm.js:619
[  184736ms] [ERROR] [Vue warn]: Duplicate keys detected: 'com.tencent.mm'. This may cause an update error.

found in

---> <AppStats> at src/views/shark/app-stats/index.vue
       <AppMain> at src/layout/components/AppMain.vue
         <Layout> at src/layout/index.vue
           <App> at src/App.vue
             <Root> @ webpack-internal:///./node_modules/vue/dist/vue.runtime.esm.js:619
[  184736ms] [ERROR] [Vue warn]: Duplicate keys detected: 'com.hm.wechat'. This may cause an update error.

found in

---> <AppStats> at src/views/shark/app-stats/index.vue
       <AppMain> at src/layout/components/AppMain.vue
         <Layout> at src/layout/index.vue
           <App> at src/App.vue
             <Root> @ webpack-internal:///./node_modules/vue/dist/vue.runtime.esm.js:619
[  185700ms] [ERROR] [Vue warn]: Duplicate keys detected: 'com.tencent.mm'. This may cause an update error.

found in

---> <AppStats> at src/views/shark/app-stats/index.vue
       <AppMain> at src/layout/components/AppMain.vue
         <Layout> at src/layout/index.vue
           <App> at src/App.vue
             <Root> @ webpack-internal:///./node_modules/vue/dist/vue.runtime.esm.js:619
[  185700ms] [ERROR] [Vue warn]: Duplicate keys detected: 'com.hm.wechat'. This may cause an update error.

found in

---> <AppStats> at src/views/shark/app-stats/index.vue
       <AppMain> at src/layout/components/AppMain.vue
         <Layout> at src/layout/index.vue
           <App> at src/App.vue
             <Root> @ webpack-internal:///./node_modules/vue/dist/vue.runtime.esm.js:619
[  187575ms] [ERROR] [Vue warn]: Duplicate keys detected: 'com.tencent.mm'. This may cause an update error.

found in

---> <AppStats> at src/views/shark/app-stats/index.vue
       <AppMain> at src/layout/components/AppMain.vue
         <Layout> at src/layout/index.vue
           <App> at src/App.vue
             <Root> @ webpack-internal:///./node_modules/vue/dist/vue.runtime.esm.js:619
[  187575ms] [ERROR] [Vue warn]: Duplicate keys detected: 'com.hm.wechat'. This may cause an update error.

found in

---> <AppStats> at src/views/shark/app-stats/index.vue
       <AppMain> at src/layout/components/AppMain.vue
         <Layout> at src/layout/index.vue
           <App> at src/App.vue
             <Root> @ webpack-internal:///./node_modules/vue/dist/vue.runtime.esm.js:619
[  187804ms] [ERROR] [Vue warn]: Duplicate keys detected: 'com.tencent.mm'. This may cause an update error.

found in

---> <AppStats> at src/views/shark/app-stats/index.vue
       <AppMain> at src/layout/components/AppMain.vue
         <Layout> at src/layout/index.vue
           <App> at src/App.vue
             <Root> @ webpack-internal:///./node_modules/vue/dist/vue.runtime.esm.js:619
[  187804ms] [ERROR] [Vue warn]: Duplicate keys detected: 'com.hm.wechat'. This may cause an update error.

found in

---> <AppStats> at src/views/shark/app-stats/index.vue
       <AppMain> at src/layout/components/AppMain.vue
         <Layout> at src/layout/index.vue
           <App> at src/App.vue
             <Root> @ webpack-internal:///./node_modules/vue/dist/vue.runtime.esm.js:619
[  187992ms] [ERROR] [Vue warn]: Duplicate keys detected: 'com.tencent.mm'. This may cause an update error.

found in

---> <AppStats> at src/views/shark/app-stats/index.vue
       <AppMain> at src/layout/components/AppMain.vue
         <Layout> at src/layout/index.vue
           <App> at src/App.vue
             <Root> @ webpack-internal:///./node_modules/vue/dist/vue.runtime.esm.js:619
[  187992ms] [ERROR] [Vue warn]: Duplicate keys detected: 'com.hm.wechat'. This may cause an update error.

found in

---> <AppStats> at src/views/shark/app-stats/index.vue
       <AppMain> at src/layout/components/AppMain.vue
         <Layout> at src/layout/index.vue
           <App> at src/App.vue
             <Root> @ webpack-internal:///./node_modules/vue/dist/vue.runtime.esm.js:619
[  189250ms] [ERROR] [Vue warn]: Duplicate keys detected: 'com.tencent.mm'. This may cause an update error.

found in

---> <AppStats> at src/views/shark/app-stats/index.vue
       <AppMain> at src/layout/components/AppMain.vue
         <Layout> at src/layout/index.vue
           <App> at src/App.vue
             <Root> @ webpack-internal:///./node_modules/vue/dist/vue.runtime.esm.js:619
[  189250ms] [ERROR] [Vue warn]: Duplicate keys detected: 'com.hm.wechat'. This may cause an update error.

found in

---> <AppStats> at src/views/shark/app-stats/index.vue
       <AppMain> at src/layout/components/AppMain.vue
         <Layout> at src/layout/index.vue
           <App> at src/App.vue
             <Root> @ webpack-internal:///./node_modules/vue/dist/vue.runtime.esm.js:619
[  196325ms] [ERROR] [Vue warn]: Duplicate keys detected: 'com.tencent.mm'. This may cause an update error.

found in

---> <AppStats> at src/views/shark/app-stats/index.vue
       <AppMain> at src/layout/components/AppMain.vue
         <Layout> at src/layout/index.vue
           <App> at src/App.vue
             <Root> @ webpack-internal:///./node_modules/vue/dist/vue.runtime.esm.js:619
[  196325ms] [ERROR] [Vue warn]: Duplicate keys detected: 'com.hm.wechat'. This may cause an update error.

found in

---> <AppStats> at src/views/shark/app-stats/index.vue
       <AppMain> at src/layout/components/AppMain.vue
         <Layout> at src/layout/index.vue
           <App> at src/App.vue
             <Root> @ webpack-internal:///./node_modules/vue/dist/vue.runtime.esm.js:619
[  196409ms] [ERROR] [Vue warn]: Duplicate keys detected: 'com.tencent.mm'. This may cause an update error.

found in

---> <AppStats> at src/views/shark/app-stats/index.vue
       <AppMain> at src/layout/components/AppMain.vue
         <Layout> at src/layout/index.vue
           <App> at src/App.vue
             <Root> @ webpack-internal:///./node_modules/vue/dist/vue.runtime.esm.js:619
[  196409ms] [ERROR] [Vue warn]: Duplicate keys detected: 'com.hm.wechat'. This may cause an update error.

found in

---> <AppStats> at src/views/shark/app-stats/index.vue
       <AppMain> at src/layout/components/AppMain.vue
         <Layout> at src/layout/index.vue
           <App> at src/App.vue
             <Root> @ webpack-internal:///./node_modules/vue/dist/vue.runtime.esm.js:619
[  203184ms] [ERROR] [Vue warn]: Duplicate keys detected: 'com.tencent.mm'. This may cause an update error.

found in

---> <AppStats> at src/views/shark/app-stats/index.vue
       <AppMain> at src/layout/components/AppMain.vue
         <Layout> at src/layout/index.vue
           <App> at src/App.vue
             <Root> @ webpack-internal:///./node_modules/vue/dist/vue.runtime.esm.js:619
[  203184ms] [ERROR] [Vue warn]: Duplicate keys detected: 'com.hm.wechat'. This may cause an update error.

found in

---> <AppStats> at src/views/shark/app-stats/index.vue
       <AppMain> at src/layout/components/AppMain.vue
         <Layout> at src/layout/index.vue
           <App> at src/App.vue
             <Root> @ webpack-internal:///./node_modules/vue/dist/vue.runtime.esm.js:619
[  203942ms] [ERROR] [Vue warn]: Duplicate keys detected: 'com.tencent.mm'. This may cause an update error.

found in

---> <AppStats> at src/views/shark/app-stats/index.vue
       <AppMain> at src/layout/components/AppMain.vue
         <Layout> at src/layout/index.vue
           <App> at src/App.vue
             <Root> @ webpack-internal:///./node_modules/vue/dist/vue.runtime.esm.js:619
[  203942ms] [ERROR] [Vue warn]: Duplicate keys detected: 'com.hm.wechat'. This may cause an update error.

found in

---> <AppStats> at src/views/shark/app-stats/index.vue
       <AppMain> at src/layout/components/AppMain.vue
         <Layout> at src/layout/index.vue
           <App> at src/App.vue
             <Root> @ webpack-internal:///./node_modules/vue/dist/vue.runtime.esm.js:619
[  204233ms] [ERROR] [Vue warn]: Duplicate keys detected: 'com.tencent.mm'. This may cause an update error.

found in

---> <AppStats> at src/views/shark/app-stats/index.vue
       <AppMain> at src/layout/components/AppMain.vue
         <Layout> at src/layout/index.vue
           <App> at src/App.vue
             <Root> @ webpack-internal:///./node_modules/vue/dist/vue.runtime.esm.js:619
[  204233ms] [ERROR] [Vue warn]: Duplicate keys detected: 'com.hm.wechat'. This may cause an update error.

found in

---> <AppStats> at src/views/shark/app-stats/index.vue
       <AppMain> at src/layout/components/AppMain.vue
         <Layout> at src/layout/index.vue
           <App> at src/App.vue
             <Root> @ webpack-internal:///./node_modules/vue/dist/vue.runtime.esm.js:619
[  209088ms] [ERROR] [Vue warn]: Duplicate keys detected: 'com.tencent.mm'. This may cause an update error.

found in

---> <AppStats> at src/views/shark/app-stats/index.vue
       <AppMain> at src/layout/components/AppMain.vue
         <Layout> at src/layout/index.vue
           <App> at src/App.vue
             <Root> @ webpack-internal:///./node_modules/vue/dist/vue.runtime.esm.js:619
[  209088ms] [ERROR] [Vue warn]: Duplicate keys detected: 'com.hm.wechat'. This may cause an update error.

found in

---> <AppStats> at src/views/shark/app-stats/index.vue
       <AppMain> at src/layout/components/AppMain.vue
         <Layout> at src/layout/index.vue
           <App> at src/App.vue
             <Root> @ webpack-internal:///./node_modules/vue/dist/vue.runtime.esm.js:619
[  209138ms] [ERROR] [Vue warn]: Duplicate keys detected: 'com.tencent.mm'. This may cause an update error.

found in

---> <AppStats> at src/views/shark/app-stats/index.vue
       <AppMain> at src/layout/components/AppMain.vue
         <Layout> at src/layout/index.vue
           <App> at src/App.vue
             <Root> @ webpack-internal:///./node_modules/vue/dist/vue.runtime.esm.js:619
[  209138ms] [ERROR] [Vue warn]: Duplicate keys detected: 'com.hm.wechat'. This may cause an update error.

found in

---> <AppStats> at src/views/shark/app-stats/index.vue
       <AppMain> at src/layout/components/AppMain.vue
         <Layout> at src/layout/index.vue
           <App> at src/App.vue
             <Root> @ webpack-internal:///./node_modules/vue/dist/vue.runtime.esm.js:619
[  209433ms] [ERROR] [Vue warn]: Duplicate keys detected: 'com.tencent.mm'. This may cause an update error.

found in

---> <AppStats> at src/views/shark/app-stats/index.vue
       <AppMain> at src/layout/components/AppMain.vue
         <Layout> at src/layout/index.vue
           <App> at src/App.vue
             <Root> @ webpack-internal:///./node_modules/vue/dist/vue.runtime.esm.js:619
[  209433ms] [ERROR] [Vue warn]: Duplicate keys detected: 'com.hm.wechat'. This may cause an update error.

found in

---> <AppStats> at src/views/shark/app-stats/index.vue
       <AppMain> at src/layout/components/AppMain.vue
         <Layout> at src/layout/index.vue
           <App> at src/App.vue
             <Root> @ webpack-internal:///./node_modules/vue/dist/vue.runtime.esm.js:619
[  209767ms] [ERROR] [Vue warn]: Duplicate keys detected: 'com.tencent.mm'. This may cause an update error.

found in

---> <AppStats> at src/views/shark/app-stats/index.vue
       <AppMain> at src/layout/components/AppMain.vue
         <Layout> at src/layout/index.vue
           <App> at src/App.vue
             <Root> @ webpack-internal:///./node_modules/vue/dist/vue.runtime.esm.js:619
[  209767ms] [ERROR] [Vue warn]: Duplicate keys detected: 'com.hm.wechat'. This may cause an update error.

found in

---> <AppStats> at src/views/shark/app-stats/index.vue
       <AppMain> at src/layout/components/AppMain.vue
         <Layout> at src/layout/index.vue
           <App> at src/App.vue
             <Root> @ webpack-internal:///./node_modules/vue/dist/vue.runtime.esm.js:619
[  215813ms] [ERROR] [Vue warn]: Duplicate keys detected: 'com.tencent.mm'. This may cause an update error.

found in

---> <AppStats> at src/views/shark/app-stats/index.vue
       <AppMain> at src/layout/components/AppMain.vue
         <Layout> at src/layout/index.vue
           <App> at src/App.vue
             <Root> @ webpack-internal:///./node_modules/vue/dist/vue.runtime.esm.js:619
[  215813ms] [ERROR] [Vue warn]: Duplicate keys detected: 'com.hm.wechat'. This may cause an update error.

found in

---> <AppStats> at src/views/shark/app-stats/index.vue
       <AppMain> at src/layout/components/AppMain.vue
         <Layout> at src/layout/index.vue
           <App> at src/App.vue
             <Root> @ webpack-internal:///./node_modules/vue/dist/vue.runtime.esm.js:619
[  217891ms] [ERROR] [Vue warn]: Duplicate keys detected: 'com.tencent.mm'. This may cause an update error.

found in

---> <AppStats> at src/views/shark/app-stats/index.vue
       <AppMain> at src/layout/components/AppMain.vue
         <Layout> at src/layout/index.vue
           <App> at src/App.vue
             <Root> @ webpack-internal:///./node_modules/vue/dist/vue.runtime.esm.js:619
[  217891ms] [ERROR] [Vue warn]: Duplicate keys detected: 'com.hm.wechat'. This may cause an update error.

found in

---> <AppStats> at src/views/shark/app-stats/index.vue
       <AppMain> at src/layout/components/AppMain.vue
         <Layout> at src/layout/index.vue
           <App> at src/App.vue
             <Root> @ webpack-internal:///./node_modules/vue/dist/vue.runtime.esm.js:619
[  220187ms] [ERROR] [Vue warn]: Duplicate keys detected: 'com.tencent.mm'. This may cause an update error.

found in

---> <AppStats> at src/views/shark/app-stats/index.vue
       <AppMain> at src/layout/components/AppMain.vue
         <Layout> at src/layout/index.vue
           <App> at src/App.vue
             <Root> @ webpack-internal:///./node_modules/vue/dist/vue.runtime.esm.js:619
[  220188ms] [ERROR] [Vue warn]: Duplicate keys detected: 'com.hm.wechat'. This may cause an update error.

found in

---> <AppStats> at src/views/shark/app-stats/index.vue
       <AppMain> at src/layout/components/AppMain.vue
         <Layout> at src/layout/index.vue
           <App> at src/App.vue
             <Root> @ webpack-internal:///./node_modules/vue/dist/vue.runtime.esm.js:619
[  221106ms] [ERROR] [Vue warn]: Duplicate keys detected: 'com.tencent.mm'. This may cause an update error.

found in

---> <AppStats> at src/views/shark/app-stats/index.vue
       <AppMain> at src/layout/components/AppMain.vue
         <Layout> at src/layout/index.vue
           <App> at src/App.vue
             <Root> @ webpack-internal:///./node_modules/vue/dist/vue.runtime.esm.js:619
[  221106ms] [ERROR] [Vue warn]: Duplicate keys detected: 'com.hm.wechat'. This may cause an update error.

found in

---> <AppStats> at src/views/shark/app-stats/index.vue
       <AppMain> at src/layout/components/AppMain.vue
         <Layout> at src/layout/index.vue
           <App> at src/App.vue
             <Root> @ webpack-internal:///./node_modules/vue/dist/vue.runtime.esm.js:619
[  223047ms] [ERROR] [Vue warn]: Duplicate keys detected: 'com.tencent.mm'. This may cause an update error.

found in

---> <AppStats> at src/views/shark/app-stats/index.vue
       <AppMain> at src/layout/components/AppMain.vue
         <Layout> at src/layout/index.vue
           <App> at src/App.vue
             <Root> @ webpack-internal:///./node_modules/vue/dist/vue.runtime.esm.js:619
[  223048ms] [ERROR] [Vue warn]: Duplicate keys detected: 'com.hm.wechat'. This may cause an update error.

found in

---> <AppStats> at src/views/shark/app-stats/index.vue
       <AppMain> at src/layout/components/AppMain.vue
         <Layout> at src/layout/index.vue
           <App> at src/App.vue
             <Root> @ webpack-internal:///./node_modules/vue/dist/vue.runtime.esm.js:619
[  225237ms] [ERROR] [Vue warn]: Duplicate keys detected: 'com.tencent.mm'. This may cause an update error.

found in

---> <AppStats> at src/views/shark/app-stats/index.vue
       <AppMain> at src/layout/components/AppMain.vue
         <Layout> at src/layout/index.vue
           <App> at src/App.vue
             <Root> @ webpack-internal:///./node_modules/vue/dist/vue.runtime.esm.js:619
[  225237ms] [ERROR] [Vue warn]: Duplicate keys detected: 'com.hm.wechat'. This may cause an update error.

found in

---> <AppStats> at src/views/shark/app-stats/index.vue
       <AppMain> at src/layout/components/AppMain.vue
         <Layout> at src/layout/index.vue
           <App> at src/App.vue
             <Root> @ webpack-internal:///./node_modules/vue/dist/vue.runtime.esm.js:619
[  225493ms] [ERROR] [Vue warn]: Duplicate keys detected: 'com.tencent.mm'. This may cause an update error.

found in

---> <AppStats> at src/views/shark/app-stats/index.vue
       <AppMain> at src/layout/components/AppMain.vue
         <Layout> at src/layout/index.vue
           <App> at src/App.vue
             <Root> @ webpack-internal:///./node_modules/vue/dist/vue.runtime.esm.js:619
[  225493ms] [ERROR] [Vue warn]: Duplicate keys detected: 'com.hm.wechat'. This may cause an update error.

found in

---> <AppStats> at src/views/shark/app-stats/index.vue
       <AppMain> at src/layout/components/AppMain.vue
         <Layout> at src/layout/index.vue
           <App> at src/App.vue
             <Root> @ webpack-internal:///./node_modules/vue/dist/vue.runtime.esm.js:619
[ 1065657ms] [ERROR] [Vue warn]: Duplicate keys detected: 'com.tencent.mm'. This may cause an update error.

found in

---> <AppStats> at src/views/shark/app-stats/index.vue
       <AppMain> at src/layout/components/AppMain.vue
         <Layout> at src/layout/index.vue
           <App> at src/App.vue
             <Root> @ webpack-internal:///./node_modules/vue/dist/vue.runtime.esm.js:619
[ 1065657ms] [ERROR] [Vue warn]: Duplicate keys detected: 'com.hm.wechat'. This may cause an update error.

found in

---> <AppStats> at src/views/shark/app-stats/index.vue
       <AppMain> at src/layout/components/AppMain.vue
         <Layout> at src/layout/index.vue
           <App> at src/App.vue
             <Root> @ webpack-internal:///./node_modules/vue/dist/vue.runtime.esm.js:619
[ 1066883ms] [ERROR] [Vue warn]: Duplicate keys detected: 'com.tencent.mm'. This may cause an update error.

found in

---> <AppStats> at src/views/shark/app-stats/index.vue
       <AppMain> at src/layout/components/AppMain.vue
         <Layout> at src/layout/index.vue
           <App> at src/App.vue
             <Root> @ webpack-internal:///./node_modules/vue/dist/vue.runtime.esm.js:619
[ 1066883ms] [ERROR] [Vue warn]: Duplicate keys detected: 'com.hm.wechat'. This may cause an update error.

found in

---> <AppStats> at src/views/shark/app-stats/index.vue
       <AppMain> at src/layout/components/AppMain.vue
         <Layout> at src/layout/index.vue
           <App> at src/App.vue
             <Root> @ webpack-internal:///./node_modules/vue/dist/vue.runtime.esm.js:619
[ 1183958ms] [ERROR] [Vue warn]: Duplicate keys detected: 'com.tencent.mm'. This may cause an update error.

found in

---> <AppStats> at src/views/shark/app-stats/index.vue
       <AppMain> at src/layout/components/AppMain.vue
         <Layout> at src/layout/index.vue
           <App> at src/App.vue
             <Root> @ webpack-internal:///./node_modules/vue/dist/vue.runtime.esm.js:619
[ 1183958ms] [ERROR] [Vue warn]: Duplicate keys detected: 'com.hm.wechat'. This may cause an update error.

found in

---> <AppStats> at src/views/shark/app-stats/index.vue
       <AppMain> at src/layout/components/AppMain.vue
         <Layout> at src/layout/index.vue
           <App> at src/App.vue
             <Root> @ webpack-internal:///./node_modules/vue/dist/vue.runtime.esm.js:619
[ 1184817ms] [ERROR] [Vue warn]: Duplicate keys detected: 'com.tencent.mm'. This may cause an update error.

found in

---> <AppStats> at src/views/shark/app-stats/index.vue
       <AppMain> at src/layout/components/AppMain.vue
         <Layout> at src/layout/index.vue
           <App> at src/App.vue
             <Root> @ webpack-internal:///./node_modules/vue/dist/vue.runtime.esm.js:619
[ 1184818ms] [ERROR] [Vue warn]: Duplicate keys detected: 'com.hm.wechat'. This may cause an update error.

found in

---> <AppStats> at src/views/shark/app-stats/index.vue
       <AppMain> at src/layout/components/AppMain.vue
         <Layout> at src/layout/index.vue
           <App> at src/App.vue
             <Root> @ webpack-internal:///./node_modules/vue/dist/vue.runtime.esm.js:619
[ 1186891ms] [ERROR] [Vue warn]: Duplicate keys detected: 'com.tencent.mm'. This may cause an update error.

found in

---> <AppStats> at src/views/shark/app-stats/index.vue
       <AppMain> at src/layout/components/AppMain.vue
         <Layout> at src/layout/index.vue
           <App> at src/App.vue
             <Root> @ webpack-internal:///./node_modules/vue/dist/vue.runtime.esm.js:619
[ 1186892ms] [ERROR] [Vue warn]: Duplicate keys detected: 'com.hm.wechat'. This may cause an update error.

found in

---> <AppStats> at src/views/shark/app-stats/index.vue
       <AppMain> at src/layout/components/AppMain.vue
         <Layout> at src/layout/index.vue
           <App> at src/App.vue
             <Root> @ webpack-internal:///./node_modules/vue/dist/vue.runtime.esm.js:619
[ 1186895ms] [ERROR] [Vue warn]: Duplicate keys detected: 'com.tencent.mm'. This may cause an update error.

found in

---> <AppStats> at src/views/shark/app-stats/index.vue
       <AppMain> at src/layout/components/AppMain.vue
         <Layout> at src/layout/index.vue
           <App> at src/App.vue
             <Root> @ webpack-internal:///./node_modules/vue/dist/vue.runtime.esm.js:619
[ 1186895ms] [ERROR] [Vue warn]: Duplicate keys detected: 'com.hm.wechat'. This may cause an update error.

found in

---> <AppStats> at src/views/shark/app-stats/index.vue
       <AppMain> at src/layout/components/AppMain.vue
         <Layout> at src/layout/index.vue
           <App> at src/App.vue
             <Root> @ webpack-internal:///./node_modules/vue/dist/vue.runtime.esm.js:619
[ 1211934ms] [ERROR] [Vue warn]: Duplicate keys detected: 'com.tencent.mm'. This may cause an update error.

found in

---> <AppStats> at src/views/shark/app-stats/index.vue
       <AppMain> at src/layout/components/AppMain.vue
         <Layout> at src/layout/index.vue
           <App> at src/App.vue
             <Root> @ webpack-internal:///./node_modules/vue/dist/vue.runtime.esm.js:619
[ 1211934ms] [ERROR] [Vue warn]: Duplicate keys detected: 'com.hm.wechat'. This may cause an update error.

found in

---> <AppStats> at src/views/shark/app-stats/index.vue
       <AppMain> at src/layout/components/AppMain.vue
         <Layout> at src/layout/index.vue
           <App> at src/App.vue
             <Root> @ webpack-internal:///./node_modules/vue/dist/vue.runtime.esm.js:619
[ 1223686ms] [ERROR] [Vue warn]: Duplicate keys detected: 'com.tencent.mm'. This may cause an update error.

found in

---> <AppStats> at src/views/shark/app-stats/index.vue
       <AppMain> at src/layout/components/AppMain.vue
         <Layout> at src/layout/index.vue
           <App> at src/App.vue
             <Root> @ webpack-internal:///./node_modules/vue/dist/vue.runtime.esm.js:619
[ 1223686ms] [ERROR] [Vue warn]: Duplicate keys detected: 'com.hm.wechat'. This may cause an update error.

found in

---> <AppStats> at src/views/shark/app-stats/index.vue
       <AppMain> at src/layout/components/AppMain.vue
         <Layout> at src/layout/index.vue
           <App> at src/App.vue
             <Root> @ webpack-internal:///./node_modules/vue/dist/vue.runtime.esm.js:619
[ 1223704ms] [ERROR] [Vue warn]: Duplicate keys detected: 'com.tencent.mm'. This may cause an update error.

found in

---> <AppStats> at src/views/shark/app-stats/index.vue
       <AppMain> at src/layout/components/AppMain.vue
         <Layout> at src/layout/index.vue
           <App> at src/App.vue
             <Root> @ webpack-internal:///./node_modules/vue/dist/vue.runtime.esm.js:619
[ 1223704ms] [ERROR] [Vue warn]: Duplicate keys detected: 'com.hm.wechat'. This may cause an update error.

found in

---> <AppStats> at src/views/shark/app-stats/index.vue
       <AppMain> at src/layout/components/AppMain.vue
         <Layout> at src/layout/index.vue
           <App> at src/App.vue
             <Root> @ webpack-internal:///./node_modules/vue/dist/vue.runtime.esm.js:619
