[     199ms] [LOG] [HMR] Waiting for update signal from WDS... @ webpack-internal:///./node_modules/webpack/hot/log.js:23
[     456ms] [INFO] Download the Vue Devtools extension for a better development experience:
https://github.com/vuejs/vue-devtools @ webpack-internal:///./node_modules/vue/dist/vue.runtime.esm.js:8417
[     685ms] [WARNING] [vue-router] Duplicate named routes definition: { name: "DetailInfo", path: "/shark/localDevices/infoList" } @ webpack-internal:///./node_modules/vue-router/dist/vue-router.esm.js:16
[     685ms] [WARNING] [vue-router] Duplicate named routes definition: { name: "DetailInfo", path: "/shark/devices-list/infoList" } @ webpack-internal:///./node_modules/vue-router/dist/vue-router.esm.js:16
[     685ms] [WARNING] [vue-router] Duplicate named routes definition: { name: "DetailInfo", path: "/shark/devices-list/pythonScript" } @ webpack-internal:///./node_modules/vue-router/dist/vue-router.esm.js:16
[     685ms] [WARNING] [vue-router] Duplicate named routes definition: { name: "DetailInfo", path: "/shark/devices-list/pythonScriptModify" } @ webpack-internal:///./node_modules/vue-router/dist/vue-router.esm.js:16
[     685ms] [WARNING] [vue-router] Duplicate named routes definition: { name: "DetailInfo", path: "/shark/devices-detail/info/:imei(\d+)" } @ webpack-internal:///./node_modules/vue-router/dist/vue-router.esm.js:16
[     685ms] [WARNING] [vue-router] Duplicate named routes definition: { name: "hideApp", path: "/shark/noInstallApp/index/:id(\d+)" } @ webpack-internal:///./node_modules/vue-router/dist/vue-router.esm.js:16
[     687ms] [WARNING] [vue-router] Duplicate named routes definition: { name: "Script", path: "/script" } @ webpack-internal:///./node_modules/vue-router/dist/vue-router.esm.js:16
[     687ms] [WARNING] [vue-router] Duplicate named routes definition: { name: "App", path: "/app" } @ webpack-internal:///./node_modules/vue-router/dist/vue-router.esm.js:16
[     688ms] [WARNING] [vue-router] Duplicate named routes definition: { name: "Demo", path: "/demo" } @ webpack-internal:///./node_modules/vue-router/dist/vue-router.esm.js:16
[     778ms] [INFO] Slow network is detected. See https://www.chromestatus.com/feature/5636954674692096 for more details. Fallback font will be used while loading: http://localhost/static/fonts/element-icons.535877f5.woff @ webpack-internal:///./node_modules/xterm/lib/xterm.js:0
[   74604ms] [LOG] [HMR] Waiting for update signal from WDS... @ webpack-internal:///./node_modules/webpack/hot/log.js:23
[   74721ms] [INFO] Download the Vue Devtools extension for a better development experience:
https://github.com/vuejs/vue-devtools @ webpack-internal:///./node_modules/vue/dist/vue.runtime.esm.js:8417
[   74905ms] [WARNING] [vue-router] Duplicate named routes definition: { name: "DetailInfo", path: "/shark/localDevices/infoList" } @ webpack-internal:///./node_modules/vue-router/dist/vue-router.esm.js:16
[   74905ms] [WARNING] [vue-router] Duplicate named routes definition: { name: "DetailInfo", path: "/shark/devices-list/infoList" } @ webpack-internal:///./node_modules/vue-router/dist/vue-router.esm.js:16
[   74905ms] [WARNING] [vue-router] Duplicate named routes definition: { name: "DetailInfo", path: "/shark/devices-list/pythonScript" } @ webpack-internal:///./node_modules/vue-router/dist/vue-router.esm.js:16
[   74905ms] [WARNING] [vue-router] Duplicate named routes definition: { name: "DetailInfo", path: "/shark/devices-list/pythonScriptModify" } @ webpack-internal:///./node_modules/vue-router/dist/vue-router.esm.js:16
[   74906ms] [WARNING] [vue-router] Duplicate named routes definition: { name: "DetailInfo", path: "/shark/devices-detail/info/:imei(\d+)" } @ webpack-internal:///./node_modules/vue-router/dist/vue-router.esm.js:16
[   74906ms] [WARNING] [vue-router] Duplicate named routes definition: { name: "hideApp", path: "/shark/noInstallApp/index/:id(\d+)" } @ webpack-internal:///./node_modules/vue-router/dist/vue-router.esm.js:16
[   74907ms] [WARNING] [vue-router] Duplicate named routes definition: { name: "Script", path: "/script" } @ webpack-internal:///./node_modules/vue-router/dist/vue-router.esm.js:16
[   74907ms] [WARNING] [vue-router] Duplicate named routes definition: { name: "App", path: "/app" } @ webpack-internal:///./node_modules/vue-router/dist/vue-router.esm.js:16
[   74907ms] [WARNING] [vue-router] Duplicate named routes definition: { name: "Demo", path: "/demo" } @ webpack-internal:///./node_modules/vue-router/dist/vue-router.esm.js:16
[   74945ms] [INFO] Slow network is detected. See https://www.chromestatus.com/feature/5636954674692096 for more details. Fallback font will be used while loading: http://localhost/static/fonts/element-icons.535877f5.woff @ webpack-internal:///./node_modules/xterm/lib/xterm.js:0
[  133998ms] [LOG] [HMR] Waiting for update signal from WDS... @ webpack-internal:///./node_modules/webpack/hot/log.js:23
[  134203ms] [INFO] Download the Vue Devtools extension for a better development experience:
https://github.com/vuejs/vue-devtools @ webpack-internal:///./node_modules/vue/dist/vue.runtime.esm.js:8417
[  134418ms] [WARNING] [vue-router] Duplicate named routes definition: { name: "DetailInfo", path: "/shark/localDevices/infoList" } @ webpack-internal:///./node_modules/vue-router/dist/vue-router.esm.js:16
[  134419ms] [WARNING] [vue-router] Duplicate named routes definition: { name: "DetailInfo", path: "/shark/devices-list/infoList" } @ webpack-internal:///./node_modules/vue-router/dist/vue-router.esm.js:16
[  134419ms] [WARNING] [vue-router] Duplicate named routes definition: { name: "DetailInfo", path: "/shark/devices-list/pythonScript" } @ webpack-internal:///./node_modules/vue-router/dist/vue-router.esm.js:16
[  134419ms] [WARNING] [vue-router] Duplicate named routes definition: { name: "DetailInfo", path: "/shark/devices-list/pythonScriptModify" } @ webpack-internal:///./node_modules/vue-router/dist/vue-router.esm.js:16
[  134419ms] [WARNING] [vue-router] Duplicate named routes definition: { name: "DetailInfo", path: "/shark/devices-detail/info/:imei(\d+)" } @ webpack-internal:///./node_modules/vue-router/dist/vue-router.esm.js:16
[  134419ms] [WARNING] [vue-router] Duplicate named routes definition: { name: "hideApp", path: "/shark/noInstallApp/index/:id(\d+)" } @ webpack-internal:///./node_modules/vue-router/dist/vue-router.esm.js:16
[  134420ms] [WARNING] [vue-router] Duplicate named routes definition: { name: "Script", path: "/script" } @ webpack-internal:///./node_modules/vue-router/dist/vue-router.esm.js:16
[  134420ms] [WARNING] [vue-router] Duplicate named routes definition: { name: "App", path: "/app" } @ webpack-internal:///./node_modules/vue-router/dist/vue-router.esm.js:16
[  134421ms] [WARNING] [vue-router] Duplicate named routes definition: { name: "Demo", path: "/demo" } @ webpack-internal:///./node_modules/vue-router/dist/vue-router.esm.js:16
[  134489ms] [INFO] Slow network is detected. See https://www.chromestatus.com/feature/5636954674692096 for more details. Fallback font will be used while loading: http://localhost/static/fonts/element-icons.535877f5.woff @ webpack-internal:///./node_modules/xterm/lib/xterm.js:0
